# brand-atlas Phase E 301 map (migrate-slugs.mjs + cleanup-duplicates-and-assets.mjs)
# 총 755건.
/brand/brand-169.html /brand/yodobashi-camera.html;
/brand/brand-170.html /brand/intimissimi.html;
/brand/brand-171.html /brand/triumph-international.html;
/brand/brand-174.html /brand/levi-strauss-and-co.html;
/brand/brand-177.html /brand/pull-and-bear.html;
/brand/brand-182.html /brand/bed-bath-and-beyond.html;
/brand/brand-186.html /brand/costco.html;
/brand/brand-187.html /brand/champs-sports.html;
/brand/brand-205.html /brand/k-way.html;
/brand/brand-282.html /brand/polydor-records.html;
/brand/brand-285.html /brand/columbia-records.html;
/brand/brand-289.html /brand/parlophone.html;
/brand/brand-295.html /brand/atlantic-records.html;
/brand/brand-299.html /brand/walt-disney-records.html;
/brand/brand-305.html /brand/capitol-records.html;
/brand/brand-314.html /brand/motown.html;
/brand/brand-320.html /brand/cherrytree-records.html;
/brand/brand-321.html /brand/zomba-label-group.html;
/brand/brand-323.html /brand/epic-records.html;
/brand/brand-326.html /brand/apple-records.html;
/brand/brand-328.html /brand/nuclear-blast.html;
/brand/brand-334.html /brand/deutsche-grammophon.html;
/brand/brand-335.html /brand/black-top-records.html;
/brand/brand-337.html /brand/jive-records.html;
/brand/brand-342.html /brand/brainfeeder.html;
/brand/brand-346.html /brand/mercury-records.html;
/brand/brand-349.html /brand/warner-music-group.html;
/brand/brand-350.html /brand/roadrunner-records.html;
/brand/brand-353.html /brand/island-records.html;
/brand/brand-358.html /brand/sire-records.html;
/brand/brand-359.html /brand/ministry-of-sound.html;
/brand/brand-365.html /brand/geffen-records.html;
/brand/brand-371.html /brand/virgin-records.html;
/brand/brand-406.html /brand/best-buy.html;
/brand/brand-407.html /brand/carrefour.html;
/brand/brand-416.html /brand/dm-drogerie-markt.html;
/brand/brand-422.html /brand/verizon-wireless.html;
/brand/brand-431.html /brand/hands.html;
/brand/brand-440.html /brand/walmart.html;
/brand/brand-452.html /brand/crocs.html;
/brand/brand-466.html /brand/lacoste.html;
/brand/brand-471.html /brand/staples.html;
/brand/brand-473.html /brand/dollar-general.html;
/brand/brand-481.html /brand/open-world-entertainment.html;
/brand/brand-482.html /brand/warp-records.html;
/brand/brand-487.html /brand/priority-records.html;
/brand/brand-488.html /brand/jagjaguwar.html;
/brand/brand-492.html /brand/american-recordings.html;
/brand/brand-495.html /brand/ruthless-records.html;
/brand/brand-496.html /brand/shady-records.html;
/brand/brand-501.html /brand/rolling-stones-records.html;
/brand/brand-502.html /brand/studio-one.html;
/brand/brand-511.html /brand/atco-records.html;
/brand/brand-528.html /brand/pony-canyon.html;
/brand/brand-541.html /brand/decca-records.html;
/brand/brand-553.html /brand/smekkleysa.html;
/brand/brand-555.html /brand/stone-music-entertainment.html;
/brand/brand-556.html /brand/j-tune-entertainment.html;
/brand/brand-583.html /brand/microsoft-store.html;
/brand/brand-597.html /brand/mulberry.html;
/brand/brand-619.html /brand/tous.html;
/brand/brand-640.html /brand/hollywood-records.html;
/brand/brand-646.html /brand/core-contents-media.html;
/brand/brand-657.html /brand/aftermath-entertainment.html;
/brand/brand-664.html /brand/abenyu.html;
/brand/brand-672.html /brand/nitro-records.html;
/brand/brand-674.html /brand/matin-kim.html;
/brand/brand-678.html /brand/xexymix.html;
/brand/brand-679.html /brand/mardi-mercredi.html;
/brand/brand-680.html /brand/marithe-francois-girbaud.html;
/brand/brand-681.html /brand/thisisneverthat.html;
/brand/brand-682.html /brand/acme-de-la-vie.html;
/brand/brand-683.html /brand/recto.html;
/brand/brand-684.html /brand/thug-club.html;
/brand/brand-685.html /brand/stand-oil.html;
/brand/brand-686.html /brand/aeae.html;
/brand/brand-687.html /brand/mediheal.html;
/brand/brand-688.html /brand/torriden.html;
/brand/brand-689.html /brand/clio.html;
/brand/brandarchive-16th-dean-street.html /brand/16th-street.html;
/brand/brandarchive-246-queen.html /brand/246-queen.html;
/brand/brandarchive-70-hudson-yards.html /brand/70-hudson-yards.html;
/brand/brandarchive-7up-2023.html /brand/7up.html;
/brand/brandarchive-a-to-b.html /brand/a-to-b.html;
/brand/brandarchive-aa.html /brand/aa.html;
/brand/brandarchive-abdipharma.html /brand/abdipharma.html;
/brand/brandarchive-adobe-2025.html /brand/adobe.html;
/brand/brandarchive-afterpay.html /brand/afterpay.html;
/brand/brandarchive-agip.html /brand/agip.html;
/brand/brandarchive-agua-de-madre.html /brand/agua-de-madre.html;
/brand/brandarchive-air-studios.html /brand/air-studios.html;
/brand/brandarchive-air-up.html /brand/air-up.html;
/brand/brandarchive-allies.html /brand/allies.html;
/brand/brandarchive-almighty.html /brand/almighty.html;
/brand/brandarchive-amatrice.html /brand/amatrice.html;
/brand/brandarchive-american-airlines.html /brand/american-airlines.html;
/brand/brandarchive-ami-ami.html /brand/ami-ami.html;
/brand/brandarchive-analog.html /brand/analog.html;
/brand/brandarchive-andmore.html /brand/andmore.html;
/brand/brandarchive-aneo.html /brand/aneo.html;
/brand/brandarchive-antara.html /brand/antara.html;
/brand/brandarchive-ark.html /brand/ark.html;
/brand/brandarchive-arrels.html /brand/arrels.html;
/brand/brandarchive-art-museum.html /brand/art-museum.html;
/brand/brandarchive-aruba-conservation-foundation.html /brand/aruba-conservation-foundation.html;
/brand/brandarchive-asahi.html /brand/asahi.html;
/brand/brandarchive-ashton.html /brand/ashton.html;
/brand/brandarchive-asics.html /brand/asics.html;
/brand/brandarchive-assembly.html /brand/assembly.html;
/brand/brandarchive-aurlands.html /brand/aurlands.html;
/brand/brandarchive-austrian-airlines.html /brand/austrian-airlines.html;
/brand/brandarchive-autex-acoustics.html /brand/autex-acoustics.html;
/brand/brandarchive-ayoh.html /brand/ayoh.html;
/brand/brandarchive-banamax-2024.html /brand/banamax.html;
/brand/brandarchive-bancomat.html /brand/bancomat.html;
/brand/brandarchive-bastian-beach.html /brand/bastian-beach.html;
/brand/brandarchive-bea.html /brand/bea.html;
/brand/brandarchive-beams.html /brand/beams.html;
/brand/brandarchive-beanworks.html /brand/beanworks.html;
/brand/brandarchive-bear-paws.html /brand/bear-paws.html;
/brand/brandarchive-benesse.html /brand/benesse.html;
/brand/brandarchive-berg.html /brand/berg.html;
/brand/brandarchive-best-of-the-bone.html /brand/best-of-the-bone.html;
/brand/brandarchive-betta.html /brand/betta.html;
/brand/brandarchive-bezi.html /brand/bezi.html;
/brand/brandarchive-big-cartel-2025.html /brand/big-cartel.html;
/brand/brandarchive-bite-back.html /brand/bite-back.html;
/brand/brandarchive-blank&.html /brand/blank-and.html;
/brand/brandarchive-blank-street-coffee.html /brand/blank-street-coffee.html;
/brand/brandarchive-blue-mountains.html /brand/blue-mountains.html;
/brand/brandarchive-bmg.html /brand/bmg.html;
/brand/brandarchive-boc.html /brand/boc.html;
/brand/brandarchive-bol.html /brand/bol.html;
/brand/brandarchive-bolt.html /brand/bolt.html;
/brand/brandarchive-bonodora.html /brand/bonodora.html;
/brand/brandarchive-borussia-dortmund-2023.html /brand/borussia-dortmund.html;
/brand/brandarchive-bose-2024.html /brand/bose.html;
/brand/brandarchive-bovis.html /brand/bovis.html;
/brand/brandarchive-brami.html /brand/brami.html;
/brand/brandarchive-brewbird.html /brand/brewbird.html;
/brand/brandarchive-british-rail.html /brand/british-rail.html;
/brand/brandarchive-brooklyn-org.html /brand/brooklyn-org.html;
/brand/brandarchive-bruce-juice.html /brand/bruce-juice.html;
/brand/brandarchive-brusco-burger.html /brand/brusco-burger.html;
/brand/brandarchive-burger-service.html /brand/burger-service.html;
/brand/brandarchive-calgary-1988.html /brand/calgary-1988.html;
/brand/brandarchive-canadian-national-railway.html /brand/canadian-national-railway.html;
/brand/brandarchive-care.com.html /brand/care-com.html;
/brand/brandarchive-cash-flow-vodka.html /brand/cash-flow-vodka.html;
/brand/brandarchive-cazoo.html /brand/cazoo.html;
/brand/brandarchive-center-square.html /brand/center-square.html;
/brand/brandarchive-ceria.html /brand/ceria.html;
/brand/brandarchive-checkmyfile.html /brand/checkmyfile.html;
/brand/brandarchive-chester-zoo.html /brand/chester-zoo.html;
/brand/brandarchive-chilly-willy.html /brand/chilly-willy.html;
/brand/brandarchive-chime.html /brand/chime.html;
/brand/brandarchive-church.html /brand/church.html;
/brand/brandarchive-citibank.html /brand/citibank.html;
/brand/brandarchive-club-prescine.html /brand/club-pescine.html;
/brand/brandarchive-cob-popcorn.html /brand/cob.html;
/brand/brandarchive-cohere.html /brand/cohere.html;
/brand/brandarchive-coinbase.html /brand/coinbase.html;
/brand/brandarchive-cosmo-oil.html /brand/cosmo-oil.html;
/brand/brandarchive-cuckoo-muesli.html /brand/cuckoo-muesli.html;
/brand/brandarchive-culprit.html /brand/culprit.html;
/brand/brandarchive-curve-club.html /brand/curve-club.html;
/brand/brandarchive-daiei.html /brand/daiei.html;
/brand/brandarchive-dallas-trinity-fc.html /brand/dallas-trinity-fc.html;
/brand/brandarchive-de-extinction.html /brand/de-extinction.html;
/brand/brandarchive-decathlon.html /brand/decathlon.html;
/brand/brandarchive-deezer.html /brand/deezer.html;
/brand/brandarchive-delta.html /brand/delta.html;
/brand/brandarchive-den-kongelige-samling.html /brand/den-kongelige-samling.html;
/brand/brandarchive-departed-spirits.html /brand/departed-spirits.html;
/brand/brandarchive-diana's-seafood.html /brand/diana-s-seafood.html;
/brand/brandarchive-ding.html /brand/ding.html;
/brand/brandarchive-disrepute.html /brand/disrepute.html;
/brand/brandarchive-dropbox.html /brand/dropbox.html;
/brand/brandarchive-drumroll.html /brand/drumroll.html;
/brand/brandarchive-dumbo-nyc.html /brand/dumbo.html;
/brand/brandarchive-dunkin.html /brand/dunkin.html;
/brand/brandarchive-eager.html /brand/eager.html;
/brand/brandarchive-eames-institute.html /brand/eames-institute.html;
/brand/brandarchive-eastern-airlines.html /brand/eastern-airlines.html;
/brand/brandarchive-eat-dirt.html /brand/eat-dirt.html;
/brand/brandarchive-eat-real.html /brand/eat-real.html;
/brand/brandarchive-electronic-arts.html /brand/electronic-arts.html;
/brand/brandarchive-elf.html /brand/elf.html;
/brand/brandarchive-equator.html /brand/equator.html;
/brand/brandarchive-equip.html /brand/equip.html;
/brand/brandarchive-esprit.html /brand/esprit.html;
/brand/brandarchive-eternal-research.html /brand/eternal-research.html;
/brand/brandarchive-everlea.html /brand/everlea.html;
/brand/brandarchive-everybird.html /brand/everybird.html;
/brand/brandarchive-expo-'70.html /brand/expo-70.html;
/brand/brandarchive-expo-'90.html /brand/expo-90.html;
/brand/brandarchive-expo-74.html /brand/expo-74.html;
/brand/brandarchive-expo-75.html /brand/expo-75.html;
/brand/brandarchive-expo-85.html /brand/expo-85.html;
/brand/brandarchive-f32.html /brand/f32.html;
/brand/brandarchive-faculty-ai.html /brand/faculty-ai.html;
/brand/brandarchive-fanta.html /brand/fanta.html;
/brand/brandarchive-farah.html /brand/farah.html;
/brand/brandarchive-fenty.html /brand/fenty.html;
/brand/brandarchive-fhirst.html /brand/fhirst.html;
/brand/brandarchive-fibe.html /brand/fibe.html;
/brand/brandarchive-first-choice.html /brand/first-choice.html;
/brand/brandarchive-fitzjohns.html /brand/fitzjohn-s.html;
/brand/brandarchive-flat.html /brand/flat.html;
/brand/brandarchive-flaum.html /brand/flaum.html;
/brand/brandarchive-flodesk.html /brand/flodesk.html;
/brand/brandarchive-florentia-village.html /brand/florentia-village.html;
/brand/brandarchive-fluz.html /brand/fluz.html;
/brand/brandarchive-food-nation.html /brand/food-nation.html;
/brand/brandarchive-forgotten-boardwalk-brewing.html /brand/forgotten-boardwalk-brewing.html;
/brand/brandarchive-framework.html /brand/framework.html;
/brand/brandarchive-freeform.html /brand/freeform.html;
/brand/brandarchive-freesoul.html /brand/freesoul.html;
/brand/brandarchive-freewheel.html /brand/freewheel.html;
/brand/brandarchive-from-babies-with-love.html /brand/from-babies-with-love.html;
/brand/brandarchive-frydate.html /brand/frydate.html;
/brand/brandarchive-fujitsu.html /brand/fujitsu.html;
/brand/brandarchive-fuku.html /brand/fuku.html;
/brand/brandarchive-galipette-cidre.html /brand/galipette-cidre.html;
/brand/brandarchive-gemini-google-2025.html /brand/gemini.html;
/brand/brandarchive-ghia-non-alcoholic-aperitif.html /brand/ghia-non-alcoholic-aperitif.html;
/brand/brandarchive-go-compare.html /brand/go-compare.html;
/brand/brandarchive-goolf.html /brand/goolf.html;
/brand/brandarchive-graza.html /brand/graza.html;
/brand/brandarchive-greater-manchester-transport.html /brand/greater-manchester-transport.html;
/brand/brandarchive-guilty-pleasures-cafe.html /brand/guilty-pleasure-cafe.html;
/brand/brandarchive-gustini.html /brand/gustini.html;
/brand/brandarchive-half-day.html /brand/half-day.html;
/brand/brandarchive-happy-endings.html /brand/happy-endings.html;
/brand/brandarchive-happy-viking.html /brand/happy-viking.html;
/brand/brandarchive-hart-bageri.html /brand/hart-bageri.html;
/brand/brandarchive-heights.html /brand/heights.html;
/brand/brandarchive-hello-klean.html /brand/hello-klean.html;
/brand/brandarchive-helsinki-city-museum.html /brand/helsinki-city-museum.html;
/brand/brandarchive-helsinki.html /brand/helsinki.html;
/brand/brandarchive-hemisfair-'68.html /brand/hemisfair-68.html;
/brand/brandarchive-here-east.html /brand/here-east.html;
/brand/brandarchive-hija-de-sanchez.html /brand/hija-de-sanchez.html;
/brand/brandarchive-hip-pop.html /brand/hip-pop.html;
/brand/brandarchive-hometree.html /brand/hometree.html;
/brand/brandarchive-hongkongbank.html /brand/hongkongbank.html;
/brand/brandarchive-hook-ai.html /brand/hook-ai.html;
/brand/brandarchive-hotpod-yoga.html /brand/hotpod-yoga.html;
/brand/brandarchive-hub-residential.html /brand/hub-residential.html;
/brand/brandarchive-hughes-airwest.html /brand/hughes-airwest.html;
/brand/brandarchive-huntington-bank.html /brand/huntington-bank.html;
/brand/brandarchive-iaac.html /brand/iaac.html;
/brand/brandarchive-ibm.html /brand/ibm.html;
/brand/brandarchive-imperia.html /brand/imperia.html;
/brand/brandarchive-inax.html /brand/inax.html;
/brand/brandarchive-innocent-rebrand-2025.html /brand/innocent.html;
/brand/brandarchive-instacart.html /brand/instacart.html;
/brand/brandarchive-intune-cbd-soda.html /brand/intune-cbd-soda.html;
/brand/brandarchive-isle-of-wight-tomatoes-2023.html /brand/isle-of-wight-tomatoes.html;
/brand/brandarchive-islington-square.html /brand/islington-square.html;
/brand/brandarchive-isomorphic-labs.html /brand/isomorphic-labs.html;
/brand/brandarchive-israel-airlines.html /brand/israel-airlines.html;
/brand/brandarchive-ito-gin.html /brand/ito-gin.html;
/brand/brandarchive-iwate-broadcasting-company.html /brand/iwate-broadcasting-company.html;
/brand/brandarchive-j20-juice-2025.html /brand/j2o.html;
/brand/brandarchive-jaffa.html /brand/jaffa.html;
/brand/brandarchive-jal.html /brand/japan-airlines.html;
/brand/brandarchive-japan-post.html /brand/japan-post.html;
/brand/brandarchive-japan-railway.html /brand/japan-railway.html;
/brand/brandarchive-jomo.html /brand/japan-energy-corporation.html;
/brand/brandarchive-joyful-outdoors.html /brand/joyful-outdoors.html;
/brand/brandarchive-juchheims.html /brand/juchheim-s.html;
/brand/brandarchive-jupi.html /brand/jupi.html;
/brand/brandarchive-kalw-public-media.html /brand/kalw-public-media.html;
/brand/brandarchive-kawasaki-shinkin-bank.html /brand/kawasaki-shinkin-bank.html;
/brand/brandarchive-kawatetsu.html /brand/kawatetsu-kawasaki-steel-corporation.html;
/brand/brandarchive-kenwood.html /brand/kenwood.html;
/brand/brandarchive-kettle-kids.html /brand/kettle-kids.html;
/brand/brandarchive-kirin.html /brand/kirin.html;
/brand/brandarchive-kiss-fm.html /brand/kiss-fm.html;
/brand/brandarchive-kisume.html /brand/kisume.html;
/brand/brandarchive-kit.html /brand/kit.html;
/brand/brandarchive-kleenex-2024.html /brand/kleenex.html;
/brand/brandarchive-klm.html /brand/klm.html;
/brand/brandarchive-kokoro.html /brand/kokoro.html;
/brand/brandarchive-komero.html /brand/komero.html;
/brand/brandarchive-korshags-2024.html /brand/korshags.html;
/brand/brandarchive-kunsthalle-basel.html /brand/kunsthalle-basel.html;
/brand/brandarchive-la-'84.html /brand/la-1984.html;
/brand/brandarchive-league-one-volley-ball.html /brand/league-one-volleyball.html;
/brand/brandarchive-leb.html /brand/london-electricity-board.html;
/brand/brandarchive-lebara.html /brand/lebara.html;
/brand/brandarchive-live-soda.html /brand/live-soda.html;
/brand/brandarchive-living-things.html /brand/living-things.html;
/brand/brandarchive-lloyds.html /brand/lloyds.html;
/brand/brandarchive-lobos-1707.html /brand/lobos-1707-tequila.html;
/brand/brandarchive-lolo.html /brand/lolo.html;
/brand/brandarchive-london-buses.html /brand/london-buses.html;
/brand/brandarchive-london-sinfonietta.html /brand/london-sinfonietta.html;
/brand/brandarchive-loot-coffee.html /brand/loot.html;
/brand/brandarchive-lorod.html /brand/lorod.html;
/brand/brandarchive-lotteria.html /brand/lotteria.html;
/brand/brandarchive-lucas.html /brand/lucas.html;
/brand/brandarchive-lucia.html /brand/lucia.html;
/brand/brandarchive-lunge.html /brand/lunge.html;
/brand/brandarchive-lyft-2025.html /brand/lyft.html;
/brand/brandarchive-m-and-ms.html /brand/m-and-m-s.html;
/brand/brandarchive-machine-screen-printers.html /brand/machine-screen-printers.html;
/brand/brandarchive-maebishi-shinkin-bank.html /brand/maebishi-shinkin-bank.html;
/brand/brandarchive-magic-spoon-treats.html /brand/magic-spoon-treats.html;
/brand/brandarchive-mailchimp.html /brand/mailchimp.html;
/brand/brandarchive-maison-de-greef-1848.html /brand/maison-de-greef-1848.html;
/brand/brandarchive-mama-mexa.html /brand/mama-mexa.html;
/brand/brandarchive-marshmallow.html /brand/marshmallow.html;
/brand/brandarchive-masp.html /brand/masp.html;
/brand/brandarchive-mastercard.html /brand/mastercard.html;
/brand/brandarchive-matheson-food-company.html /brand/matheson-food-company.html;
/brand/brandarchive-mazda.html /brand/mazda.html;
/brand/brandarchive-meander-valley.html /brand/meander-valley.html;
/brand/brandarchive-mecca-coffee.html /brand/mecca-coffee.html;
/brand/brandarchive-meitetsu.html /brand/meitetsu.html;
/brand/brandarchive-melissa.html /brand/melissa.html;
/brand/brandarchive-mercado-famous.html /brand/mercado-famous.html;
/brand/brandarchive-metro-bilbao.html /brand/metro-bilbao.html;
/brand/brandarchive-mexico-1968.html /brand/mexico-1968.html;
/brand/brandarchive-mexico-city-metro.html /brand/mexico-city-metro.html;
/brand/brandarchive-miles.html /brand/miles.html;
/brand/brandarchive-mill.html /brand/mill.html;
/brand/brandarchive-mind.html /brand/mind.html;
/brand/brandarchive-misfits.html /brand/misfits.html;
/brand/brandarchive-mit-media-lab.html /brand/mit-media-lab.html;
/brand/brandarchive-mit-museum.html /brand/mit-museum.html;
/brand/brandarchive-mitsubishi-motors.html /brand/mitsubishi-motors.html;
/brand/brandarchive-mobil.html /brand/mobil.html;
/brand/brandarchive-mode.html /brand/mode.html;
/brand/brandarchive-moju.html /brand/moju.html;
/brand/brandarchive-montreal-1976.html /brand/montreal-1976.html;
/brand/brandarchive-monzo.html /brand/monzo.html;
/brand/brandarchive-moscow-1976.html /brand/moscow-1980.html;
/brand/brandarchive-moth-drinks.html /brand/moth.html;
/brand/brandarchive-mountain-hardware.html /brand/mountain-hardware.html;
/brand/brandarchive-mozilla-2024.html /brand/mozilla.html;
/brand/brandarchive-mssivemusic.html /brand/massivemusic.html;
/brand/brandarchive-munich-1972.html /brand/munich-1972.html;
/brand/brandarchive-munich-airport.html /brand/munich-airport.html;
/brand/brandarchive-munson.html /brand/munson.html;
/brand/brandarchive-muse-group.html /brand/muse-group.html;
/brand/brandarchive-mux.html /brand/mux.html;
/brand/brandarchive-nasa.html /brand/nasa.html;
/brand/brandarchive-national.html /brand/national.html;
/brand/brandarchive-nationwide.html /brand/nationwide.html;
/brand/brandarchive-natural-history-museum.html /brand/natural-history-museum.html;
/brand/brandarchive-natural-innovations.html /brand/natural-innovations.html;
/brand/brandarchive-nederlandse-spoorwegen.html /brand/nederlandse-spoorwegen.html;
/brand/brandarchive-new-chapter.html /brand/new-chapter.html;
/brand/brandarchive-new-orbit.html /brand/new-orbit.html;
/brand/brandarchive-new-york-botanical-garden.html /brand/new-york-botanical-garden.html;
/brand/brandarchive-new-york-city-fc.html /brand/new-york-city-fc.html;
/brand/brandarchive-nike-run.html /brand/nike-run.html;
/brand/brandarchive-nippon-shinpan.html /brand/nippon-shinpan.html;
/brand/brandarchive-nn-north-sea-jazz-festival.html /brand/nn-north-sea-jazz-festival.html;
/brand/brandarchive-north-road.html /brand/north-road.html;
/brand/brandarchive-norwegian.html /brand/norwegian.html;
/brand/brandarchive-nuud.html /brand/nuud.html;
/brand/brandarchive-obama-foundation.html /brand/obama-foundation.html;
/brand/brandarchive-oji.html /brand/oji.html;
/brand/brandarchive-olivetti.html /brand/olivetti.html;
/brand/brandarchive-olo.html /brand/olo-homes.html;
/brand/brandarchive-olympikus.html /brand/olympikus.html;
/brand/brandarchive-omlet.html /brand/omlet.html;
/brand/brandarchive-omy.html /brand/omy.html;
/brand/brandarchive-onefourfive-clarendon.html /brand/onefourfive-clarendon.html;
/brand/brandarchive-open-ai.html /brand/open-ai.html;
/brand/brandarchive-openview.html /brand/openview.html;
/brand/brandarchive-orchestra-sinfonica-di-milano.html /brand/orchestra-sinfonica-di-milano.html;
/brand/brandarchive-osaka-candidate-city-2008.html /brand/osaka-candidate-city-2008.html;
/brand/brandarchive-osesp.html /brand/osesp.html;
/brand/brandarchive-ostro.html /brand/ostro.html;
/brand/brandarchive-otta.html /brand/otta.html;
/brand/brandarchive-ouch-burgers.html /brand/ouch.html;
/brand/brandarchive-outline.html /brand/outline.html;
/brand/brandarchive-pac-nyc.html /brand/pac-nyc.html;
/brand/brandarchive-paco-rabanne.html /brand/paco-rabanne.html;
/brand/brandarchive-pam.html /brand/pam.html;
/brand/brandarchive-pan-am.html /brand/pan-am.html;
/brand/brandarchive-paro.html /brand/paro.html;
/brand/brandarchive-partech.html /brand/partech.html;
/brand/brandarchive-paws-off.html /brand/paws-off.html;
/brand/brandarchive-paypal-2024.html /brand/paypal.html;
/brand/brandarchive-paysafe.html /brand/paysafe.html;
/brand/brandarchive-peckish.html /brand/peckish.html;
/brand/brandarchive-peerspace.html /brand/peerspace.html;
/brand/brandarchive-pelago.html /brand/pelago.html;
/brand/brandarchive-perfomance-golf.html /brand/perfomance-golf.html;
/brand/brandarchive-perplexity.html /brand/perplexity.html;
/brand/brandarchive-phil's-finest.html /brand/phil-s-finest.html;
/brand/brandarchive-philadelphia-art-museum-2025.html /brand/philadelphia-art-museum.html;
/brand/brandarchive-philbrook-museum-of-art.html /brand/philbrook-museum-of-art.html;
/brand/brandarchive-philharmonie-luxembourg.html /brand/philharmonie-luxembourg.html;
/brand/brandarchive-phoenix-organics.html /brand/phoenix-organics.html;
/brand/brandarchive-pigment-ai.html /brand/pigment-ai.html;
/brand/brandarchive-pirkkalan.html /brand/pirkkalan.html;
/brand/brandarchive-pizza-express-2025.html /brand/pizza-express.html;
/brand/brandarchive-platf9rm.html /brand/platf9rm.html;
/brand/brandarchive-popchips.html /brand/popchips.html;
/brand/brandarchive-portopia-81.html /brand/portopia-81.html;
/brand/brandarchive-postmuseum.html /brand/postmuseum.html;
/brand/brandarchive-pot-gang.html /brand/pot-gang.html;
/brand/brandarchive-prague-metro.html /brand/prague-metro.html;
/brand/brandarchive-quilt.html /brand/quilt.html;
/brand/brandarchive-rapscallion-soda.html /brand/rapscallion-soda.html;
/brand/brandarchive-razz-burger.html /brand/razz-burger.html;
/brand/brandarchive-recchiuti-confections.html /brand/recchiuti-confections.html;
/brand/brandarchive-reddit-2023.html /brand/reddit.html;
/brand/brandarchive-repsol-2025.html /brand/repsol.html;
/brand/brandarchive-reveri.html /brand/reveri.html;
/brand/brandarchive-ribena-2025.html /brand/ribena.html;
/brand/brandarchive-robin.html /brand/robin.html;
/brand/brandarchive-robinhood-2024.html /brand/robinhood.html;
/brand/brandarchive-roblox-2025.html /brand/roblox.html;
/brand/brandarchive-royal-ontario-museum.html /brand/royal-ontario-museum-rom.html;
/brand/brandarchive-rspca.html /brand/rspca.html;
/brand/brandarchive-san-francisco-symphony.html /brand/san-francisco-symphony.html;
/brand/brandarchive-sandals.html /brand/sandals.html;
/brand/brandarchive-sapporo.html /brand/sapporo-1972.html;
/brand/brandarchive-sarah-&-sebastian.html /brand/sarah-and-sebastian.html;
/brand/brandarchive-sarajevo-1984.html /brand/sarajevo-1984.html;
/brand/brandarchive-sauce-shop.html /brand/sauce-shop.html;
/brand/brandarchive-sauvage.html /brand/sauvage.html;
/brand/brandarchive-sbb.html /brand/sbb.html;
/brand/brandarchive-scapegoats.html /brand/scapegoats.html;
/brand/brandarchive-seiyu.html /brand/seiyu.html;
/brand/brandarchive-sendwave.html /brand/sendwave.html;
/brand/brandarchive-sessions.html /brand/sessions.html;
/brand/brandarchive-shell.html /brand/shell.html;
/brand/brandarchive-shy-bird.html /brand/shy-bird.html;
/brand/brandarchive-sigma.html /brand/sigma.html;
/brand/brandarchive-sing-king.html /brand/sing-king.html;
/brand/brandarchive-slazenger.html /brand/slazenger.html;
/brand/brandarchive-smk.html /brand/smk.html;
/brand/brandarchive-smlxl.html /brand/smlxl.html;
/brand/brandarchive-snickers.html /brand/snickers.html;
/brand/brandarchive-social-enterprise-uk.html /brand/social-enterprise-uk.html;
/brand/brandarchive-somerset-house-2025.html /brand/somerset-house.html;
/brand/brandarchive-south-flats.html /brand/south-flats.html;
/brand/brandarchive-spotify.html /brand/spotify.html;
/brand/brandarchive-sprite-2026.html /brand/sprite.html;
/brand/brandarchive-spudos-crisps.html /brand/spudos.html;
/brand/brandarchive-stella-artois-2023.html /brand/stella-artois.html;
/brand/brandarchive-still-waters.html /brand/still-waters.html;
/brand/brandarchive-story-espresso.html /brand/story-espresso.html;
/brand/brandarchive-superkeen.html /brand/superkeen.html;
/brand/brandarchive-supertrash.html /brand/supertrash.html;
/brand/brandarchive-sustana.html /brand/sustana.html;
/brand/brandarchive-suupaa.html /brand/suupaa.html;
/brand/brandarchive-swissair-1978.html /brand/swissair.html;
/brand/brandarchive-sydney-2000.html /brand/sydney-2000.html;
/brand/brandarchive-tameko.html /brand/tameko.html;
/brand/brandarchive-teller.html /brand/teller.html;
/brand/brandarchive-tembo.html /brand/tembo.html;
/brand/brandarchive-ten.html /brand/ten.html;
/brand/brandarchive-tenzing.html /brand/tenzing.html;
/brand/brandarchive-tepco.html /brand/tepco.html;
/brand/brandarchive-the-east-cut.html /brand/the-east-cut.html;
/brand/brandarchive-the-hartford.html /brand/the-hartford.html;
/brand/brandarchive-the-hugo.html /brand/the-hugo.html;
/brand/brandarchive-the-mean-tomato.html /brand/the-mean-tomato.html;
/brand/brandarchive-the-met.html /brand/the-met.html;
/brand/brandarchive-the-norton.html /brand/the-norton.html;
/brand/brandarchive-the-practical-man.html /brand/the-practical-man.html;
/brand/brandarchive-the-round.html /brand/the-round.html;
/brand/brandarchive-the-wool-pot.html /brand/the-wool-pot.html;
/brand/brandarchive-thebe-magugu.html /brand/thebe-magugu.html;
/brand/brandarchive-think-packaging.html /brand/think-packaging.html;
/brand/brandarchive-time.html /brand/time.html;
/brand/brandarchive-tingz.html /brand/tingz.html;
/brand/brandarchive-tipple-topper.html /brand/tipple-topper.html;
/brand/brandarchive-tokyo-64.html /brand/tokyo-1964.html;
/brand/brandarchive-tomato-bank.html /brand/tomato-bank.html;
/brand/brandarchive-tottenham-hotspur.html /brand/tottenham-hotspur.html;
/brand/brandarchive-toyota.html /brand/toyota.html;
/brand/brandarchive-tribank.html /brand/tribank.html;
/brand/brandarchive-tripadvisor-2025.html /brand/tripadvisor.html;
/brand/brandarchive-tsukiyo.html /brand/tsukiyo.html;
/brand/brandarchive-tugg.html /brand/tugg.html;
/brand/brandarchive-twelve-labs.html /brand/twelve-labs.html;
/brand/brandarchive-twitch-2024.html /brand/twitch.html;
/brand/brandarchive-twyg.html /brand/twyg.html;
/brand/brandarchive-ultraderp.html /brand/ultraderp.html;
/brand/brandarchive-uniqode.html /brand/uniqode.html;
/brand/brandarchive-unmind.html /brand/unmind.html;
/brand/brandarchive-unto.html /brand/unto.html;
/brand/brandarchive-vast.html /brand/vast.html;
/brand/brandarchive-veesey.html /brand/veesey.html;
/brand/brandarchive-veikkausliiga.html /brand/veikkausliiga.html;
/brand/brandarchive-vessel-floats.html /brand/vessel-floats.html;
/brand/brandarchive-vevo.html /brand/vevo.html;
/brand/brandarchive-visa.html /brand/visa.html;
/brand/brandarchive-visual-electric.html /brand/visual-electric.html;
/brand/brandarchive-vitenskapsmuseet.html /brand/vitenskapsmuseet.html;
/brand/brandarchive-wallmart-2025.html /brand/walmart.html;
/brand/brandarchive-we-compost.html /brand/we-compost.html;
/brand/brandarchive-west-loop.html /brand/west-loop.html;
/brand/brandarchive-westbund-central.html /brand/westbund-central.html;
/brand/brandarchive-westinghouse.html /brand/westinghouse.html;
/brand/brandarchive-when.html /brand/when.html;
/brand/brandarchive-whitney-museum-of-american-art.html /brand/whitney-museum-of-american-art.html;
/brand/brandarchive-wholesome.html /brand/wholesome.html;
/brand/brandarchive-wild-thingz.html /brand/wild-thingz.html;
/brand/brandarchive-wilda.html /brand/wilda.html;
/brand/brandarchive-wise.html /brand/wise.html;
/brand/brandarchive-wooden-spoon-herbs.html /brand/wooden-spoon-herbs.html;
/brand/brandarchive-woods-yard.html /brand/woods-yard.html;
/brand/brandarchive-wype.html /brand/wype.html;
/brand/brandarchive-yahoo-2026.html /brand/yahoo.html;
/brand/brandarchive-yellowbird.html /brand/yellowbird.html;
/brand/brandarchive-yes-you-can.html /brand/yes-you-can.html;
/brand/brandarchive-yo!.html /brand/yo.html;
/brand/brandarchive-yoloh.html /brand/yoloh.html;
/brand/brandarchive-yum-bun.html /brand/yum-bun.html;
/brand/brandarchive-zexel.html /brand/zexel.html;
/brand/brandarchive-zudo.html /brand/zudo.html;
/brand/brandarchive-zvyk.html /brand/zvyk.html;
/images/logos/brand-169.png /images/logos/yodobashi-camera.png;
/images/logos/brand-170.png /images/logos/intimissimi.png;
/images/logos/brand-171.png /images/logos/triumph-international.png;
/images/logos/brand-174.png /images/logos/levi-strauss-and-co.png;
/images/logos/brand-177.png /images/logos/pull-and-bear.png;
/images/logos/brand-182.png /images/logos/bed-bath-and-beyond.png;
/images/logos/brand-186.png /images/logos/costco.png;
/images/logos/brand-187.png /images/logos/champs-sports.png;
/images/logos/brand-205.png /images/logos/k-way.png;
/images/logos/brand-282.jpg /images/logos/polydor-records.jpg;
/images/logos/brand-285.png /images/logos/columbia-records.png;
/images/logos/brand-289.png /images/logos/parlophone.png;
/images/logos/brand-295.png /images/logos/atlantic-records.png;
/images/logos/brand-299.png /images/logos/walt-disney-records.png;
/images/logos/brand-305.png /images/logos/capitol-records.png;
/images/logos/brand-314.png /images/logos/motown.png;
/images/logos/brand-323.png /images/logos/epic-records.png;
/images/logos/brand-326.png /images/logos/apple-records.png;
/images/logos/brand-328.jpg /images/logos/nuclear-blast.jpg;
/images/logos/brand-334.png /images/logos/deutsche-grammophon.png;
/images/logos/brand-337.png /images/logos/jive-records.png;
/images/logos/brand-342.jpg /images/logos/brainfeeder.jpg;
/images/logos/brand-346.svg /images/logos/mercury-records.svg;
/images/logos/brand-349.png /images/logos/warner-music-group.png;
/images/logos/brand-350.png /images/logos/roadrunner-records.png;
/images/logos/brand-353.png /images/logos/island-records.png;
/images/logos/brand-358.png /images/logos/sire-records.png;
/images/logos/brand-359.png /images/logos/ministry-of-sound.png;
/images/logos/brand-365.png /images/logos/geffen-records.png;
/images/logos/brand-371.png /images/logos/virgin-records.png;
/images/logos/brand-406.png /images/logos/best-buy.png;
/images/logos/brand-407.svg /images/logos/carrefour.svg;
/images/logos/brand-416.png /images/logos/dm-drogerie-markt.png;
/images/logos/brand-422.png /images/logos/verizon-wireless.png;
/images/logos/brand-431.png /images/logos/hands.png;
/images/logos/brand-440.png /images/logos/walmart.png;
/images/logos/brand-452.png /images/logos/crocs.png;
/images/logos/brand-466.png /images/logos/lacoste.png;
/images/logos/brand-471.png /images/logos/staples.png;
/images/logos/brand-473.png /images/logos/dollar-general.png;
/images/logos/brand-482.svg /images/logos/warp-records.svg;
/images/logos/brand-487.png /images/logos/priority-records.png;
/images/logos/brand-488.gif /images/logos/jagjaguwar.gif;
/images/logos/brand-492.png /images/logos/american-recordings.png;
/images/logos/brand-502.png /images/logos/studio-one.png;
/images/logos/brand-528.png /images/logos/pony-canyon.png;
/images/logos/brand-541.png /images/logos/decca-records.png;
/images/logos/brand-555.png /images/logos/stone-music-entertainment.png;
/images/logos/brand-583.png /images/logos/microsoft-store.png;
/images/logos/brand-597.png /images/logos/mulberry.png;
/images/logos/brand-619.jpg /images/logos/tous.jpg;
/images/logos/brand-640.png /images/logos/hollywood-records.png;
/images/logos/brand-680.png /images/logos/marithe-francois-girbaud.png;
/images/logos/brand-681.png /images/logos/thisisneverthat.png;
/images/logos/brand-682.png /images/logos/acme-de-la-vie.png;
/images/logos/brand-685.png /images/logos/stand-oil.png;
/images/logos/brandarchive-7up-2023.svg /images/logos/7up.svg;
/images/logos/brandarchive-adobe-2025.gif /images/logos/adobe.gif;
/images/logos/brandarchive-afterpay.png /images/logos/afterpay.png;
/images/logos/brandarchive-agip.png /images/logos/agip.png;
/images/logos/brandarchive-american-airlines.png /images/logos/american-airlines.png;
/images/logos/brandarchive-analog.png /images/logos/analog.png;
/images/logos/brandarchive-aneo.svg /images/logos/aneo.svg;
/images/logos/brandarchive-asahi.png /images/logos/asahi.png;
/images/logos/brandarchive-asics.png /images/logos/asics.png;
/images/logos/brandarchive-austrian-airlines.png /images/logos/austrian-airlines.png;
/images/logos/brandarchive-bancomat.png /images/logos/bancomat.png;
/images/logos/brandarchive-benesse.svg /images/logos/benesse.svg;
/images/logos/brandarchive-big-cartel.svg /images/logos/big-cartel.svg;
/images/logos/brandarchive-bite-back.jpg /images/logos/bite-back.jpg;
/images/logos/brandarchive-blank-street-coffee.png /images/logos/blank-street-coffee.png;
/images/logos/brandarchive-bmg.png /images/logos/bmg.png;
/images/logos/brandarchive-bolt.png /images/logos/bolt.png;
/images/logos/brandarchive-borussia-dortmund-2023.png /images/logos/borussia-dortmund.png;
/images/logos/brandarchive-bose-2024.png /images/logos/bose.png;
/images/logos/brandarchive-british-rail.svg /images/logos/british-rail.svg;
/images/logos/brandarchive-calgary-1988.png /images/logos/calgary-1988.png;
/images/logos/brandarchive-canadian-national-railway.png /images/logos/canadian-national-railway.png;
/images/logos/brandarchive-care.com.png /images/logos/care-com.png;
/images/logos/brandarchive-cazoo.png /images/logos/cazoo.png;
/images/logos/brandarchive-center-square.png /images/logos/center-square.png;
/images/logos/brandarchive-chester-zoo.png /images/logos/chester-zoo.png;
/images/logos/brandarchive-chime.png /images/logos/chime.png;
/images/logos/brandarchive-citibank.png /images/logos/citibank.png;
/images/logos/brandarchive-cohere.png /images/logos/cohere.png;
/images/logos/brandarchive-coinbase.png /images/logos/coinbase.png;
/images/logos/brandarchive-cosmo-oil.png /images/logos/cosmo-oil.png;
/images/logos/brandarchive-daiei.png /images/logos/daiei.png;
/images/logos/brandarchive-decathlon.png /images/logos/decathlon.png;
/images/logos/brandarchive-deezer.png /images/logos/deezer.png;
/images/logos/brandarchive-delta.png /images/logos/delta.png;
/images/logos/brandarchive-dropbox.png /images/logos/dropbox.png;
/images/logos/brandarchive-dunkin.jpg /images/logos/dunkin.jpg;
/images/logos/brandarchive-eastern-airlines.png /images/logos/eastern-airlines.png;
/images/logos/brandarchive-electronic-arts.png /images/logos/electronic-arts.png;
/images/logos/brandarchive-elf.png /images/logos/elf.png;
/images/logos/brandarchive-esprit.png /images/logos/esprit.png;
/images/logos/brandarchive-expo-'70.png /images/logos/expo-70.png;
/images/logos/brandarchive-expo-74.jpg /images/logos/expo-74.jpg;
/images/logos/brandarchive-faculty-ai.jpg /images/logos/faculty-ai.jpg;
/images/logos/brandarchive-fanta.png /images/logos/fanta.png;
/images/logos/brandarchive-farah.png /images/logos/farah.png;
/images/logos/brandarchive-fenty.jpg /images/logos/fenty.jpg;
/images/logos/brandarchive-first-choice.png /images/logos/first-choice.png;
/images/logos/brandarchive-framework.svg /images/logos/framework.svg;
/images/logos/brandarchive-freeform.svg /images/logos/freeform.svg;
/images/logos/brandarchive-fujitsu.png /images/logos/fujitsu.png;
/images/logos/brandarchive-gemini-google-2025.svg /images/logos/gemini.svg;
/images/logos/brandarchive-go-compare.svg /images/logos/go-compare.svg;
/images/logos/brandarchive-graza.png /images/logos/graza.png;
/images/logos/brandarchive-greater-manchester-transport.svg /images/logos/greater-manchester-transport.svg;
/images/logos/brandarchive-here-east.png /images/logos/here-east.png;
/images/logos/brandarchive-hongkongbank.png /images/logos/hongkongbank.png;
/images/logos/brandarchive-hughes-airwest.png /images/logos/hughes-airwest.png;
/images/logos/brandarchive-huntington-bank.png /images/logos/huntington-bank.png;
/images/logos/brandarchive-ibm.png /images/logos/ibm.png;
/images/logos/brandarchive-inax.svg /images/logos/inax.svg;
/images/logos/brandarchive-innocent.png /images/logos/innocent.png;
/images/logos/brandarchive-instacart.png /images/logos/instacart.png;
/images/logos/brandarchive-isomorphic-labs.svg /images/logos/isomorphic-labs.svg;
/images/logos/brandarchive-israel-airlines.png /images/logos/israel-airlines.png;
/images/logos/brandarchive-iwate-broadcasting-company.png /images/logos/iwate-broadcasting-company.png;
/images/logos/brandarchive-jaffa.png /images/logos/jaffa.png;
/images/logos/brandarchive-jagermeister.jpg /images/logos/j-germeister.jpg;
/images/logos/brandarchive-jal.png /images/logos/japan-airlines.png;
/images/logos/brandarchive-japan-post.png /images/logos/japan-post.png;
/images/logos/brandarchive-japan-railway.png /images/logos/japan-railway.png;
/images/logos/brandarchive-jomo.png /images/logos/japan-energy-corporation.png;
/images/logos/brandarchive-kenwood.png /images/logos/kenwood.png;
/images/logos/brandarchive-kirin.png /images/logos/kirin.png;
/images/logos/brandarchive-kiss-fm.png /images/logos/kiss-fm.png;
/images/logos/brandarchive-kleenex-2024.png /images/logos/kleenex.png;
/images/logos/brandarchive-klm.png /images/logos/klm.png;
/images/logos/brandarchive-kunsthalle-basel.svg /images/logos/kunsthalle-basel.svg;
/images/logos/brandarchive-la-84.svg /images/logos/la-1984.svg;
/images/logos/brandarchive-league-one-volley-ball.svg /images/logos/league-one-volleyball.svg;
/images/logos/brandarchive-lebara.png /images/logos/lebara.png;
/images/logos/brandarchive-lloyds.png /images/logos/lloyds.png;
/images/logos/brandarchive-london-buses.svg /images/logos/london-buses.svg;
/images/logos/brandarchive-london-sinfonietta.jpg /images/logos/london-sinfonietta.jpg;
/images/logos/brandarchive-lyft-2025.png /images/logos/lyft.png;
/images/logos/brandarchive-m-and-ms.png /images/logos/m-and-m-s.png;
/images/logos/brandarchive-magic-spoon.svg /images/logos/magic-spoon-treats.svg;
/images/logos/brandarchive-mailchimp.png /images/logos/mailchimp.png;
/images/logos/brandarchive-masp.svg /images/logos/masp.svg;
/images/logos/brandarchive-mastercard.png /images/logos/mastercard.png;
/images/logos/brandarchive-mazda.png /images/logos/mazda.png;
/images/logos/brandarchive-meitetsu.svg /images/logos/meitetsu.svg;
/images/logos/brandarchive-melissa.svg /images/logos/melissa.svg;
/images/logos/brandarchive-mexico-1968.svg /images/logos/mexico-1968.svg;
/images/logos/brandarchive-mexico-city-metro.png /images/logos/mexico-city-metro.png;
/images/logos/brandarchive-misfits.png /images/logos/misfits.png;
/images/logos/brandarchive-mit-media-lab.png /images/logos/mit-media-lab.png;
/images/logos/brandarchive-mitsubishi-motors.png /images/logos/mitsubishi-motors.png;
/images/logos/brandarchive-mobil.png /images/logos/mobil.png;
/images/logos/brandarchive-montreal-1976.png /images/logos/montreal-1976.png;
/images/logos/brandarchive-monzo.png /images/logos/monzo.png;
/images/logos/brandarchive-moscow-1980.svg /images/logos/moscow-1980.svg;
/images/logos/brandarchive-mozilla-2024.png /images/logos/mozilla.png;
/images/logos/brandarchive-munich-1972.png /images/logos/munich-1972.png;
/images/logos/brandarchive-munich-airport.png /images/logos/munich-airport.png;
/images/logos/brandarchive-munson.png /images/logos/munson.png;
/images/logos/brandarchive-muse-group.png /images/logos/muse-group.png;
/images/logos/brandarchive-mux.png /images/logos/mux.png;
/images/logos/brandarchive-nasa.svg /images/logos/nasa.svg;
/images/logos/brandarchive-national.png /images/logos/national.png;
/images/logos/brandarchive-nationwide.png /images/logos/nationwide.png;
/images/logos/brandarchive-natural-history-museum.png /images/logos/natural-history-museum.png;
/images/logos/brandarchive-nederlandse-spoorwegen.png /images/logos/nederlandse-spoorwegen.png;
/images/logos/brandarchive-new-chapter.jpg /images/logos/new-chapter.jpg;
/images/logos/brandarchive-new-york-botanical-garden.png /images/logos/new-york-botanical-garden.png;
/images/logos/brandarchive-new-york-city-fc.svg /images/logos/new-york-city-fc.svg;
/images/logos/brandarchive-nn-north-sea-jazz-festival.svg /images/logos/nn-north-sea-jazz-festival.svg;
/images/logos/brandarchive-norwegian.png /images/logos/norwegian.png;
/images/logos/brandarchive-obama-foundation.png /images/logos/obama-foundation.png;
/images/logos/brandarchive-olivetti.png /images/logos/olivetti.png;
/images/logos/brandarchive-olympikus.jpg /images/logos/olympikus.jpg;
/images/logos/brandarchive-open-ai.svg /images/logos/open-ai.svg;
/images/logos/brandarchive-openview.png /images/logos/openview.png;
/images/logos/brandarchive-paco-rabanne.svg /images/logos/paco-rabanne.svg;
/images/logos/brandarchive-pan-am.png /images/logos/pan-am.png;
/images/logos/brandarchive-paypal-2024.png /images/logos/paypal.png;
/images/logos/brandarchive-paysafe.png /images/logos/paysafe.png;
/images/logos/brandarchive-peerspace.png /images/logos/peerspace.png;
/images/logos/brandarchive-perplexity.png /images/logos/perplexity.png;
/images/logos/brandarchive-philadelphia-art-museum-2025.png /images/logos/philadelphia-art-museum.png;
/images/logos/brandarchive-philbrook-museum-of-art.png /images/logos/philbrook-museum-of-art.png;
/images/logos/brandarchive-pizza-express-2025.jpg /images/logos/pizza-express.jpg;
/images/logos/brandarchive-popchips.png /images/logos/popchips.png;
/images/logos/brandarchive-prague-metro.png /images/logos/prague-metro.png;
/images/logos/brandarchive-reddit-2023.svg /images/logos/reddit.svg;
/images/logos/brandarchive-repsol-2025.png /images/logos/repsol.png;
/images/logos/brandarchive-ribena-2025.png /images/logos/ribena.png;
/images/logos/brandarchive-robinhood-2024.png /images/logos/robinhood.png;
/images/logos/brandarchive-roblox-2025.png /images/logos/roblox.png;
/images/logos/brandarchive-royal-ontario-museum.svg /images/logos/royal-ontario-museum-rom.svg;
/images/logos/brandarchive-rspca.png /images/logos/rspca.png;
/images/logos/brandarchive-san-francisco-symphony.png /images/logos/san-francisco-symphony.png;
/images/logos/brandarchive-sandals.png /images/logos/sandals.png;
/images/logos/brandarchive-sapporo.svg /images/logos/sapporo-1972.svg;
/images/logos/brandarchive-sarajevo-1984.png /images/logos/sarajevo-1984.png;
/images/logos/brandarchive-sbb.svg /images/logos/sbb.svg;
/images/logos/brandarchive-seiyu.png /images/logos/seiyu.png;
/images/logos/brandarchive-shell.png /images/logos/shell.png;
/images/logos/brandarchive-sigma.png /images/logos/sigma.png;
/images/logos/brandarchive-slazenger.png /images/logos/slazenger.png;
/images/logos/brandarchive-snickers.png /images/logos/snickers.png;
/images/logos/brandarchive-somerset-house.svg /images/logos/somerset-house.svg;
/images/logos/brandarchive-spotify.png /images/logos/spotify.png;
/images/logos/brandarchive-sprite-2026.png /images/logos/sprite.png;
/images/logos/brandarchive-stella-artois-2023.png /images/logos/stella-artois.png;
/images/logos/brandarchive-swissair-1978.png /images/logos/swissair.png;
/images/logos/brandarchive-sydney-2000.png /images/logos/sydney-2000.png;
/images/logos/brandarchive-tepco.png /images/logos/tepco.png;
/images/logos/brandarchive-the-hartford.png /images/logos/the-hartford.png;
/images/logos/brandarchive-the-met.svg /images/logos/the-met.svg;
/images/logos/brandarchive-time.svg /images/logos/time.svg;
/images/logos/brandarchive-tokyo-64.svg /images/logos/tokyo-1964.svg;
/images/logos/brandarchive-tomato-bank.jpg /images/logos/tomato-bank.jpg;
/images/logos/brandarchive-tottenham-hotspur.png /images/logos/tottenham-hotspur.png;
/images/logos/brandarchive-toyota.png /images/logos/toyota.png;
/images/logos/brandarchive-tripadvisor-2025.png /images/logos/tripadvisor.png;
/images/logos/brandarchive-twelve-labs.png /images/logos/twelve-labs.png;
/images/logos/brandarchive-twitch-2024.png /images/logos/twitch.png;
/images/logos/brandarchive-vast.svg /images/logos/vast.svg;
/images/logos/brandarchive-vevo.png /images/logos/vevo.png;
/images/logos/brandarchive-visa.png /images/logos/visa.png;
/images/logos/brandarchive-westinghouse.svg /images/logos/westinghouse.svg;
/images/logos/brandarchive-whitney-museum-of-american-art.jpg /images/logos/whitney-museum-of-american-art.jpg;
/images/logos/brandarchive-wise.png /images/logos/wise.png;
/images/logos/brandarchive-yahoo-2026.png /images/logos/yahoo.png;
/images/logos/brandarchive-zexel.png /images/logos/zexel.png;
